// Jest Snapshot v1, https://goo.gl/fbAQLP

exports[`Should render <EmergencyAlertFormModal /> component 1`] = `
<DocumentFragment>
  <button
    class="ui button custom-btn transform custom-button"
  >
    Send an Alert
  </button>
</DocumentFragment>
`;
