// Jest Snapshot v1, https://goo.gl/fbAQLP

exports[`Should render <Login /> page component 1`] = `
<DocumentFragment>
  <div
    class="login-page-wrapper"
  >
    <form
      class="login-form"
    >
      <div
        class="heading-container undefined"
      >
        <h3
          class="undefined heading"
        >
          Sign In
        </h3>
        <div
          class="underline undefined"
        />
      </div>
      <div
        class="input-wrapper "
      >
        <label
          for="email"
        >
          Email or Staff ID
        </label>
        <input
          id="email"
          name="email"
          placeholder="your mail or staff ID"
          required=""
          type="text"
          value=""
        />
      </div>
      <div
        class="input-wrapper "
      >
        <label
          for="password"
        >
          Your password
        </label>
        <input
          id="password"
          name="password"
          placeholder="provide a password"
          required=""
          type="password"
          value=""
        />
      </div>
      <button
        class="ui button  custom-button"
      >
        Login
      </button>
      <p
        class="reset-password"
      >
        Reset password?
      </p>
    </form>
  </div>
</DocumentFragment>
`;
